// Jest Snapshot v1, https://goo.gl/fbAQLP

exports[`Copyright renders correctly 1`] = `
<div
  className="copyright"
  style={
    Object {
      "alignItems": "center",
      "display": "flex",
      "flexDirection": "row",
    }
  }
>
  <div
    style={
      Object {
        "marginRight": 10,
      }
    }
  >
    copyright
  </div>
  <a
    href="https://creativecommons.org/licenses/by-nc-sa/4.0/"
    rel="license"
    target="_blank"
  >
    CC BY-NC-SA 4.0
  </a>
</div>
`;
