// Jest Snapshot v1, https://goo.gl/fbAQLP

exports[`Copyright renders correctly 1`] = `
<div
  className="copyright"
  style={
    Object {
      "alignItems": "center",
      "display": "flex",
      "flexDirection": "row",
    }
  }
>
  <div
    style={
      Object {
        "marginRight": 10,
      }
    }
  >
    copyright
  </div>
  <a
    href="http://creativecommons.org/licenses/by-nc-sa/4.0/"
    rel="license"
  >
    <img
      alt="Creative Commons License"
      src="https://i.creativecommons.org/l/by-nc-sa/4.0/80x15.png"
    />
  </a>
</div>
`;
